Archive member included because of file (symbol)

/usr/lib/gcc/avr/3.4.3/avr4/libgcc.a(_udivmodqi4.o)
                              load.o (__udivmodqi4)
/usr/lib/gcc/avr/3.4.3/avr4/libgcc.a(_divmodhi4.o)
                              load.o (__divmodhi4)
/usr/lib/gcc/avr/3.4.3/avr4/libgcc.a(_copy_data.o)
                              load.o (__do_copy_data)
/usr/lib/gcc/avr/3.4.3/avr4/libgcc.a(_clear_bss.o)
                              load.o (__do_clear_bss)
/usr/lib/gcc/avr/3.4.3/avr4/libgcc.a(_udivmodhi4.o)
                              /usr/lib/gcc/avr/3.4.3/avr4/libgcc.a(_divmodhi4.o) (__udivmodhi4)

Memory Configuration

Name             Origin             Length             Attributes
text             0x00000000         0x00002000         xr
data             0x00800060         0x0000ffa0         rw !x
eeprom           0x00810000         0x00010000         rw !x
*default*        0x00000000         0xffffffff

Linker script and memory map

LOAD /usr/lib/gcc/avr/3.4.3/../../../../avr/lib/avr4/crtm8.o
LOAD load.o
LOAD /usr/lib/gcc/avr/3.4.3/avr4/libgcc.a
LOAD /usr/lib/gcc/avr/3.4.3/../../../../avr/lib/avr4/libc.a
LOAD /usr/lib/gcc/avr/3.4.3/avr4/libgcc.a

.hash
 *(.hash)

.dynsym
 *(.dynsym)

.dynstr
 *(.dynstr)

.gnu.version
 *(.gnu.version)

.gnu.version_d
 *(.gnu.version_d)

.gnu.version_r
 *(.gnu.version_r)

.rel.init
 *(.rel.init)

.rela.init
 *(.rela.init)

.rel.text
 *(.rel.text)
 *(.rel.text.*)
 *(.rel.gnu.linkonce.t*)

.rela.text
 *(.rela.text)
 *(.rela.text.*)
 *(.rela.gnu.linkonce.t*)

.rel.fini
 *(.rel.fini)

.rela.fini
 *(.rela.fini)

.rel.rodata
 *(.rel.rodata)
 *(.rel.rodata.*)
 *(.rel.gnu.linkonce.r*)

.rela.rodata
 *(.rela.rodata)
 *(.rela.rodata.*)
 *(.rela.gnu.linkonce.r*)

.rel.data
 *(.rel.data)
 *(.rel.data.*)
 *(.rel.gnu.linkonce.d*)

.rela.data
 *(.rela.data)
 *(.rela.data.*)
 *(.rela.gnu.linkonce.d*)

.rel.ctors
 *(.rel.ctors)

.rela.ctors
 *(.rela.ctors)

.rel.dtors
 *(.rel.dtors)

.rela.dtors
 *(.rela.dtors)

.rel.got
 *(.rel.got)

.rela.got
 *(.rela.got)

.rel.bss
 *(.rel.bss)

.rela.bss
 *(.rela.bss)

.rel.plt
 *(.rel.plt)

.rela.plt
 *(.rela.plt)

.text           0x00000000      0xb2c
 *(.vectors)
 .vectors       0x00000000       0x26 /usr/lib/gcc/avr/3.4.3/../../../../avr/lib/avr4/crtm8.o
                0x00000000                __vectors
                0x00000000                __vector_default
                0x00000026                __ctors_start = .
 *(.ctors)
                0x00000026                __ctors_end = .
                0x00000026                __dtors_start = .
 *(.dtors)
                0x00000026                __dtors_end = .
 *(.progmem.gcc*)
 *(.progmem*)
                0x00000026                . = ALIGN (0x2)
 *(.init0)
 *(.init1)
 *(.init2)
 .init2         0x00000026        0xc /usr/lib/gcc/avr/3.4.3/../../../../avr/lib/avr4/crtm8.o
 *(.init3)
 *(.init4)
 .init4         0x00000032       0x16 /usr/lib/gcc/avr/3.4.3/avr4/libgcc.a(_copy_data.o)
                0x00000032                __do_copy_data
 .init4         0x00000048       0x10 /usr/lib/gcc/avr/3.4.3/avr4/libgcc.a(_clear_bss.o)
                0x00000048                __do_clear_bss
 *(.init5)
 *(.init6)
 *(.init7)
 *(.init8)
 *(.init9)
 .init9         0x00000058        0x2 /usr/lib/gcc/avr/3.4.3/../../../../avr/lib/avr4/crtm8.o
 *(.text)
 .text          0x0000005a        0x2 /usr/lib/gcc/avr/3.4.3/../../../../avr/lib/avr4/crtm8.o
                0x0000005a                __vector_1
                0x0000005a                __vector_12
                0x0000005a                __bad_interrupt
                0x0000005a                __vector_6
                0x0000005a                __vector_3
                0x0000005a                __vector_11
                0x0000005a                __vector_13
                0x0000005a                __vector_17
                0x0000005a                __vector_7
                0x0000005a                __vector_5
                0x0000005a                __vector_4
                0x0000005a                __vector_2
                0x0000005a                __vector_15
                0x0000005a                __vector_8
                0x0000005a                __vector_14
                0x0000005a                __vector_10
                0x0000005a                __vector_16
                0x0000005a                __vector_18
 .text          0x0000005c      0xa6a load.o
                0x0000030c                main
                0x0000005c                __vector_9
                0x000002f6                delay
                0x00000300                set_tone
                0x00000ac6                . = ALIGN (0x2)
 *(.text.*)
 .text.libgcc   0x00000ac6       0x18 /usr/lib/gcc/avr/3.4.3/avr4/libgcc.a(_udivmodqi4.o)
                0x00000ac6                __udivmodqi4
 .text.libgcc   0x00000ade       0x26 /usr/lib/gcc/avr/3.4.3/avr4/libgcc.a(_divmodhi4.o)
                0x00000ade                __divmodhi4
                0x00000ade                _div
 .text.libgcc   0x00000b04       0x28 /usr/lib/gcc/avr/3.4.3/avr4/libgcc.a(_udivmodhi4.o)
                0x00000b04                __udivmodhi4
                0x00000b2c                . = ALIGN (0x2)
 *(.fini9)
 *(.fini8)
 *(.fini7)
 *(.fini6)
 *(.fini5)
 *(.fini4)
 *(.fini3)
 *(.fini2)
 *(.fini1)
 *(.fini0)
                0x00000b2c                _etext = .

.data           0x00800060        0x2 load address 0x00000b2c
                0x00800060                PROVIDE (__data_start, .)
 *(.data)
 .data          0x00800060        0x1 load.o
                0x00800060                syncOn
 *(.gnu.linkonce.d*)
                0x00800062                . = ALIGN (0x2)
 *fill*         0x00800061        0x1 00
                0x00800062                _edata = .
                0x00800062                PROVIDE (__data_end, .)

.bss            0x00800062        0x5
                0x00800062                PROVIDE (__bss_start, .)
 *(.bss)
 .bss           0x00800062        0x5 load.o
                0x00800066                syncOff
                0x00800065                line
                0x00800063                lineCount
                0x00800062                newSync
 *(COMMON)
                0x00800067                PROVIDE (__bss_end, .)
                0x00000b2c                __data_load_start = LOADADDR (.data)
                0x00000b2e                __data_load_end = (__data_load_start + SIZEOF (.data))

.noinit         0x00800067        0x0
                0x00800067                PROVIDE (__noinit_start, .)
 *(.noinit*)
                0x00800067                PROVIDE (__noinit_end, .)
                0x00800067                _end = .
                0x00800067                PROVIDE (__heap_start, .)

.eeprom         0x00810000        0x0 load address 0x00000b2e
 *(.eeprom*)
                0x00810000                __eeprom_end = .

.stab           0x00000000      0xc48
 *(.stab)
 .stab          0x00000000      0x2a0 /usr/lib/gcc/avr/3.4.3/../../../../avr/lib/avr4/crtm8.o
 .stab          0x000002a0      0x9a8 load.o
                                0x9b4 (size before relaxing)

.stabstr        0x00000000      0x78e
 *(.stabstr)
 .stabstr       0x00000000      0x78e /usr/lib/gcc/avr/3.4.3/../../../../avr/lib/avr4/crtm8.o
                                  0x0 (size before relaxing)

.stab.excl
 *(.stab.excl)

.stab.exclstr
 *(.stab.exclstr)

.stab.index
 *(.stab.index)

.stab.indexstr
 *(.stab.indexstr)

.comment
 *(.comment)

.debug
 *(.debug)

.line
 *(.line)

.debug_srcinfo
 *(.debug_srcinfo)

.debug_sfnames
 *(.debug_sfnames)

.debug_aranges
 *(.debug_aranges)

.debug_pubnames
 *(.debug_pubnames)

.debug_info
 *(.debug_info)
 *(.gnu.linkonce.wi.*)

.debug_abbrev
 *(.debug_abbrev)

.debug_line
 *(.debug_line)

.debug_frame
 *(.debug_frame)

.debug_str
 *(.debug_str)

.debug_loc
 *(.debug_loc)

.debug_macinfo
 *(.debug_macinfo)
OUTPUT(load.out elf32-avr)
